0 verbose cli /data/data/com.termux/files/usr/bin/node /data/data/com.termux/files/usr/bin/npm
1 info using npm@11.16.0
2 info using node@v26.2.0
3 silly config load:file:/data/data/com.termux/files/usr/lib/node_modules/npm/npmrc
4 silly config load:file:/data/data/com.termux/files/home/.npmrc
5 silly config load:file:/data/data/com.termux/files/usr/etc/npmrc
6 verbose title npm install 9router
7 verbose argv "install" "--global" "9router"
8 verbose logfile logs-max:10 dir:/data/data/com.termux/files/home/.npm/_logs/2026-07-19T23_34_16_676Z-
9 verbose logfile /data/data/com.termux/files/home/.npm/_logs/2026-07-19T23_34_16_676Z-debug-0.log
10 silly packumentCache heap:1174405120 maxSize:293601280 maxEntrySize:146800640
11 silly logfile done cleaning log files
12 silly idealTree buildDeps
13 silly fetch manifest 9router@*
14 silly packumentCache full:https://registry.npmjs.org/9router cache-miss
15 http fetch GET 200 https://registry.npmjs.org/npm 2054ms
16 http fetch GET 200 https://registry.npmjs.org/9router 2121ms (cache miss)
17 silly packumentCache full:https://registry.npmjs.org/9router set size:undefined disposed:false
18 silly placeDep ROOT 9router@0.5.35 OK for:  want: *
19 silly fetch manifest enquirer@^2.4.1
20 silly packumentCache full:https://registry.npmjs.org/enquirer cache-miss
21 silly fetch manifest node-forge@^1.3.3
22 silly packumentCache full:https://registry.npmjs.org/node-forge cache-miss
23 silly fetch manifest node-machine-id@^1.1.12
24 silly packumentCache full:https://registry.npmjs.org/node-machine-id cache-miss
25 silly fetch manifest react@19.2.1
26 silly packumentCache full:https://registry.npmjs.org/react cache-miss
27 silly fetch manifest react-dom@19.2.1
28 silly packumentCache full:https://registry.npmjs.org/react-dom cache-miss
29 http fetch GET 200 https://registry.npmjs.org/node-forge 353ms (cache miss)
30 silly packumentCache full:https://registry.npmjs.org/node-forge set size:undefined disposed:false
31 http fetch GET 200 https://registry.npmjs.org/enquirer 533ms (cache miss)
32 silly packumentCache full:https://registry.npmjs.org/enquirer set size:undefined disposed:false
33 http fetch GET 200 https://registry.npmjs.org/node-machine-id 801ms (cache miss)
34 silly packumentCache full:https://registry.npmjs.org/node-machine-id set size:undefined disposed:false
35 http fetch GET 200 https://registry.npmjs.org/react 2309ms (cache miss)
36 silly packumentCache full:https://registry.npmjs.org/react set size:undefined disposed:false
37 http fetch GET 200 https://registry.npmjs.org/react-dom 3755ms (cache miss)
38 silly packumentCache full:https://registry.npmjs.org/react-dom set size:undefined disposed:false
39 silly placeDep node_modules/9router enquirer@2.4.1 OK for: 9router@0.5.35 want: ^2.4.1
40 silly placeDep node_modules/9router node-forge@1.4.0 OK for: 9router@0.5.35 want: ^1.3.3
41 silly placeDep node_modules/9router node-machine-id@1.1.12 OK for: 9router@0.5.35 want: ^1.1.12
42 silly placeDep node_modules/9router react@19.2.1 OK for: 9router@0.5.35 want: 19.2.1
43 silly placeDep node_modules/9router react-dom@19.2.1 OK for: 9router@0.5.35 want: 19.2.1
44 silly fetch manifest ansi-colors@^4.1.1
45 silly packumentCache full:https://registry.npmjs.org/ansi-colors cache-miss
46 silly fetch manifest strip-ansi@^6.0.1
47 silly packumentCache full:https://registry.npmjs.org/strip-ansi cache-miss
48 silly fetch manifest scheduler@^0.27.0
49 silly packumentCache full:https://registry.npmjs.org/scheduler cache-miss
50 http fetch GET 200 https://registry.npmjs.org/ansi-colors 454ms (cache miss)
51 silly packumentCache full:https://registry.npmjs.org/ansi-colors set size:undefined disposed:false
52 http fetch GET 200 https://registry.npmjs.org/strip-ansi 513ms (cache miss)
53 silly packumentCache full:https://registry.npmjs.org/strip-ansi set size:undefined disposed:false
54 http fetch GET 200 https://registry.npmjs.org/scheduler 2839ms (cache miss)
55 silly packumentCache full:https://registry.npmjs.org/scheduler set size:undefined disposed:false
56 silly placeDep node_modules/9router ansi-colors@4.1.3 OK for: enquirer@2.4.1 want: ^4.1.1
57 silly placeDep node_modules/9router strip-ansi@6.0.1 OK for: enquirer@2.4.1 want: ^6.0.1
58 silly fetch manifest ansi-regex@^5.0.1
59 silly packumentCache full:https://registry.npmjs.org/ansi-regex cache-miss
60 http fetch GET 200 https://registry.npmjs.org/ansi-regex 359ms (cache miss)
61 silly packumentCache full:https://registry.npmjs.org/ansi-regex set size:undefined disposed:false
62 silly placeDep node_modules/9router scheduler@0.27.0 OK for: react-dom@19.2.1 want: ^0.27.0
63 silly placeDep node_modules/9router ansi-regex@5.0.1 OK for: strip-ansi@6.0.1 want: ^5.0.1
64 silly reify moves {}
65 http cache ansi-regex@https://registry.npmjs.org/ansi-regex/-/ansi-regex-5.0.1.tgz 2ms (cache hit)
66 http cache scheduler@https://registry.npmjs.org/scheduler/-/scheduler-0.27.0.tgz 1ms (cache hit)
67 http cache strip-ansi@https://registry.npmjs.org/strip-ansi/-/strip-ansi-6.0.1.tgz 1ms (cache hit)
68 http cache react-dom@https://registry.npmjs.org/react-dom/-/react-dom-19.2.1.tgz 0ms (cache hit)
69 http cache ansi-colors@https://registry.npmjs.org/ansi-colors/-/ansi-colors-4.1.3.tgz 0ms (cache hit)
70 http cache react@https://registry.npmjs.org/react/-/react-19.2.1.tgz 1ms (cache hit)
71 http cache node-forge@https://registry.npmjs.org/node-forge/-/node-forge-1.4.0.tgz 0ms (cache hit)
72 http cache node-machine-id@https://registry.npmjs.org/node-machine-id/-/node-machine-id-1.1.12.tgz 1ms (cache hit)
73 http cache enquirer@https://registry.npmjs.org/enquirer/-/enquirer-2.4.1.tgz 0ms (cache hit)
74 http cache 9router@https://registry.npmjs.org/9router/-/9router-0.5.35.tgz 1ms (cache hit)
75 silly tarball no local data for ansi-regex@https://registry.npmjs.org/ansi-regex/-/ansi-regex-5.0.1.tgz. Extracting by manifest.
76 silly tarball no local data for scheduler@https://registry.npmjs.org/scheduler/-/scheduler-0.27.0.tgz. Extracting by manifest.
77 silly tarball no local data for strip-ansi@https://registry.npmjs.org/strip-ansi/-/strip-ansi-6.0.1.tgz. Extracting by manifest.
78 silly tarball no local data for react-dom@https://registry.npmjs.org/react-dom/-/react-dom-19.2.1.tgz. Extracting by manifest.
79 silly tarball no local data for ansi-colors@https://registry.npmjs.org/ansi-colors/-/ansi-colors-4.1.3.tgz. Extracting by manifest.
80 silly tarball no local data for react@https://registry.npmjs.org/react/-/react-19.2.1.tgz. Extracting by manifest.
81 silly tarball no local data for node-forge@https://registry.npmjs.org/node-forge/-/node-forge-1.4.0.tgz. Extracting by manifest.
82 silly tarball no local data for node-machine-id@https://registry.npmjs.org/node-machine-id/-/node-machine-id-1.1.12.tgz. Extracting by manifest.
83 silly tarball no local data for enquirer@https://registry.npmjs.org/enquirer/-/enquirer-2.4.1.tgz. Extracting by manifest.
84 silly tarball no local data for 9router@https://registry.npmjs.org/9router/-/9router-0.5.35.tgz. Extracting by manifest.
85 http fetch GET 200 https://registry.npmjs.org/ansi-regex/-/ansi-regex-5.0.1.tgz 495ms (cache miss)
86 http fetch GET 200 https://registry.npmjs.org/strip-ansi/-/strip-ansi-6.0.1.tgz 486ms (cache miss)
87 http fetch GET 200 https://registry.npmjs.org/ansi-colors/-/ansi-colors-4.1.3.tgz 484ms (cache miss)
88 http fetch GET 200 https://registry.npmjs.org/scheduler/-/scheduler-0.27.0.tgz 518ms (cache miss)
89 http fetch GET 200 https://registry.npmjs.org/node-machine-id/-/node-machine-id-1.1.12.tgz 1360ms (cache miss)
90 http fetch GET 200 https://registry.npmjs.org/react/-/react-19.2.1.tgz 1750ms (cache miss)
91 http fetch GET 200 https://registry.npmjs.org/enquirer/-/enquirer-2.4.1.tgz 2972ms (cache miss)
92 http fetch GET 200 https://registry.npmjs.org/node-forge/-/node-forge-1.4.0.tgz 3173ms (cache miss)
93 http fetch GET 200 https://registry.npmjs.org/react-dom/-/react-dom-19.2.1.tgz 3301ms (cache miss)
94 http fetch GET 200 https://registry.npmjs.org/9router/-/9router-0.5.35.tgz 48841ms (cache miss)
95 info run 9router@0.5.35 postinstall node_modules/9router node hooks/postinstall.js
96 info run 9router@0.5.35 postinstall { code: null, signal: 'SIGINT' }
