0 verbose cli /data/data/com.termux/files/usr/bin/node /data/data/com.termux/files/usr/bin/npm
1 info using npm@11.16.0
2 info using node@v26.2.0
3 silly config load:file:/data/data/com.termux/files/usr/lib/node_modules/npm/npmrc
4 silly config load:file:/data/data/com.termux/files/home/.npmrc
5 silly config load:file:/data/data/com.termux/files/usr/etc/npmrc
6 verbose title npm install sql.js@1.14.1
7 verbose argv "install" "sql.js@1.14.1" "--no-audit" "--no-fund" "--prefer-online"
8 verbose logfile logs-max:10 dir:/data/data/com.termux/files/home/.npm/_logs/2026-07-19T23_35_29_929Z-
9 verbose logfile /data/data/com.termux/files/home/.npm/_logs/2026-07-19T23_35_29_929Z-debug-0.log
10 silly packumentCache heap:1174405120 maxSize:293601280 maxEntrySize:146800640
11 silly logfile done cleaning log files
12 silly idealTree buildDeps
13 silly fetch manifest sql.js@1.14.1
14 silly packumentCache full:https://registry.npmjs.org/sql.js cache-miss
15 http fetch GET 200 https://registry.npmjs.org/sql.js 2210ms (cache miss)
16 silly packumentCache full:https://registry.npmjs.org/sql.js set size:undefined disposed:false
17 silly placeDep ROOT sql.js@1.14.1 OK for:  want: 1.14.1
18 silly reify moves {}
19 http fetch GET 200 https://registry.npmjs.org/sql.js/-/sql.js-1.14.1.tgz 12462ms (cache miss)
20 silly ADD node_modules/sql.js
21 verbose cwd /data/data/com.termux/files/home/.9router/runtime
22 verbose os Linux 4.14.186-perf-g0c6efddd96c7
23 verbose node v26.2.0
24 verbose npm  v11.16.0
25 verbose exit 0
26 info ok
